// Vitest Snapshot v1

exports[`(ESM) plugin: > module results: > verify calculated results 1`] = `
ModuleReport {
  "aggregate": AggregateReport {
    "aggregate": undefined,
    "cyclomatic": 19,
    "cyclomaticDensity": 26.389,
    "halstead": HalsteadData {
      "bugs": 0.66,
      "difficulty": 56.144,
      "effort": 111199.295,
      "length": 317,
      "operands": {
        "distinct": 45,
        "identifiers": [
          "polyBtoa",
          "array",
          "\\"string\\"",
          "str",
          "s_BTOA_NEW_BINARY",
          "length",
          "j",
          "0",
          "ch",
          "charCodeAt",
          "255",
          "Error",
          "\\"Not ascii. Base64.encode can only take ascii strings\\"",
          "Array",
          "isArray",
          "TypeError",
          "polyBtoa error: 'array' is not an 'Array'.",
          "answer",
          "a",
          "null",
          "b",
          "c",
          "d",
          "i",
          "3",
          "2",
          "63",
          "4",
          "1",
          "15",
          "6",
          "push",
          "s_BTOA_GET_CHAR",
          "\\"=\\"",
          "join",
          "\\"\\"",
          "btoa",
          "self",
          "\\"object\\"",
          "s_BTOA_BASE_64_CHARS",
          "\\"ABCDEFGHIJKLMNOPQRSTUVWXYZabcdefghijklmnopqrstuvwxyz0123456789+/\\"",
          "val",
          "charAt",
          "len",
          "ret",
        ],
        "total": 163,
      },
      "operators": {
        "distinct": 31,
        "identifiers": [
          "const",
          "=",
          "function=>",
          "if",
          "===",
          "typeof (prefix)",
          "()",
          ".",
          "for",
          "let",
          "<",
          "++ (postfix)",
          ">",
          "throw",
          "new",
          "[]",
          "! (prefix)",
          "\`\`",
          "switch",
          "%",
          "case",
          "&",
          ">>",
          "<<",
          "break",
          "|=",
          "!==",
          "else",
          "return",
          ":?",
          "&&",
        ],
        "total": 154,
      },
      "time": 6177.739,
      "vocabulary": 76,
      "volume": 1980.593,
    },
    "paramCount": 3,
    "sloc": {
      "logical": 72,
      "physical": 102,
    },
  },
  "aggregateAverage": MethodAverage {
    "cyclomatic": 4.75,
    "cyclomaticDensity": 6.597,
    "halstead": HalsteadAverage {
      "bugs": 0.165,
      "difficulty": 14.036,
      "effort": 27799.824,
      "length": 79.25,
      "operands": {
        "distinct": 11.25,
        "total": 40.75,
      },
      "operators": {
        "distinct": 7.75,
        "total": 38.5,
      },
      "time": 1544.435,
      "vocabulary": 19,
      "volume": 495.148,
    },
    "paramCount": 0.75,
    "sloc": {
      "logical": 18,
      "physical": 25.5,
    },
  },
  "classes": [],
  "dependencies": [],
  "errors": [],
  "filePath": undefined,
  "lineEnd": 112,
  "lineStart": 11,
  "maintainability": 87.622,
  "methodAverage": MethodAverage {
    "cyclomatic": 5,
    "cyclomaticDensity": 40.23,
    "halstead": HalsteadAverage {
      "bugs": 0.176,
      "difficulty": 21.167,
      "effort": 25975.571,
      "length": 91.667,
      "operands": {
        "distinct": 14.333,
        "total": 47.667,
      },
      "operators": {
        "distinct": 13.667,
        "total": 44,
      },
      "time": 1443.087,
      "vocabulary": 28,
      "volume": 526.64,
    },
    "paramCount": 1,
    "sloc": {
      "logical": 21.333,
      "physical": 29,
    },
  },
  "methods": [
    ModuleMethodReport {
      "aggregate": undefined,
      "cyclomatic": 12,
      "cyclomaticDensity": 20.69,
      "errors": [],
      "halstead": HalsteadData {
        "bugs": 0.494,
        "difficulty": 52,
        "effort": 77083.002,
        "length": 248,
        "operands": {
          "distinct": 35,
          "identifiers": [
            "array",
            "\\"string\\"",
            "str",
            "s_BTOA_NEW_BINARY",
            "length",
            "j",
            "0",
            "ch",
            "charCodeAt",
            "255",
            "Error",
            "\\"Not ascii. Base64.encode can only take ascii strings\\"",
            "Array",
            "isArray",
            "TypeError",
            "polyBtoa error: 'array' is not an 'Array'.",
            "answer",
            "a",
            "null",
            "b",
            "c",
            "d",
            "i",
            "3",
            "2",
            "63",
            "4",
            "1",
            "15",
            "6",
            "push",
            "s_BTOA_GET_CHAR",
            "\\"=\\"",
            "join",
            "\\"\\"",
          ],
          "total": 130,
        },
        "operators": {
          "distinct": 28,
          "identifiers": [
            "if",
            "===",
            "typeof (prefix)",
            "const",
            "=",
            "()",
            ".",
            "for",
            "let",
            "<",
            "++ (postfix)",
            ">",
            "throw",
            "new",
            "[]",
            "! (prefix)",
            "\`\`",
            "switch",
            "%",
            "case",
            "&",
            ">>",
            "<<",
            "break",
            "|=",
            "!==",
            "else",
            "return",
          ],
          "total": 118,
        },
        "time": 4282.389,
        "vocabulary": 63,
        "volume": 1482.365,
      },
      "lineEnd": 87,
      "lineStart": 11,
      "maxNestedMethodDepth": 0,
      "name": "<anon method-1>",
      "nestedMethods": [],
      "paramCount": 1,
      "paramNames": [
        "array",
      ],
      "sloc": {
        "logical": 58,
        "physical": 77,
      },
    },
    ModuleMethodReport {
      "aggregate": undefined,
      "cyclomatic": 1,
      "cyclomaticDensity": 50,
      "errors": [],
      "halstead": HalsteadData {
        "bugs": 0.005,
        "difficulty": 1.5,
        "effort": 23.265,
        "length": 6,
        "operands": {
          "distinct": 3,
          "identifiers": [
            "s_BTOA_BASE_64_CHARS",
            "charAt",
            "val",
          ],
          "total": 3,
        },
        "operators": {
          "distinct": 3,
          "identifiers": [
            "return",
            "()",
            ".",
          ],
          "total": 3,
        },
        "time": 1.292,
        "vocabulary": 6,
        "volume": 15.51,
      },
      "lineEnd": 105,
      "lineStart": 102,
      "maxNestedMethodDepth": 0,
      "name": "<anon method-2>",
      "nestedMethods": [],
      "paramCount": 1,
      "paramNames": [
        "val",
      ],
      "sloc": {
        "logical": 2,
        "physical": 4,
      },
    },
    ModuleMethodReport {
      "aggregate": undefined,
      "cyclomatic": 2,
      "cyclomaticDensity": 50,
      "errors": [],
      "halstead": HalsteadData {
        "bugs": 0.027,
        "difficulty": 10,
        "effort": 820.447,
        "length": 21,
        "operands": {
          "distinct": 5,
          "identifiers": [
            "ret",
            "i",
            "0",
            "len",
            "push",
          ],
          "total": 10,
        },
        "operators": {
          "distinct": 10,
          "identifiers": [
            "const",
            "=",
            "[]",
            "for",
            "let",
            "<",
            "++ (postfix)",
            "()",
            ".",
            "return",
          ],
          "total": 11,
        },
        "time": 45.58,
        "vocabulary": 15,
        "volume": 82.045,
      },
      "lineEnd": 112,
      "lineStart": 107,
      "maxNestedMethodDepth": 0,
      "name": "<anon method-3>",
      "nestedMethods": [],
      "paramCount": 1,
      "paramNames": [
        "len",
      ],
      "sloc": {
        "logical": 4,
        "physical": 6,
      },
    },
  ],
  "settings": {},
  "srcPath": undefined,
  "srcPathAlias": undefined,
}
`;
